128 128
@@@@@@@@@@@@@@@@@@@@@@@@@@@@@@@@@@@@@@@@@@@@@@@@@@@@@@@@@@@@@@@@@@@@@@@@@@@@@@@@@@@@@@@@@@@@@@@@@@@@@@@@@@@@@@@@@@@@@@@@@@@@@@@@
@...........................................@...........................................@................................@......
@...........................................@...........................................@................................@......
@...........................................@...........................................@................................@......
@...........................................@...........................................@................................@......
@...........................................@...........................................@................................@......
@...........................................@...........................................@................................@......
@...........................................@...........................................@................................@......
@...........................................@...........................................@................................@......
@...........................................@...........................................@................................@......
@...........................................@...........................................@................................@......
@@@@@@@@@@@@@@@@@@@@@@@@@@@@@@@@@@..........@..........@..........@..........@@@@@@@@@@@@..........@@@@@@@@@@@@..........@......
@...........................................@..........@..........@...........................................@..........@......
@...........................................@..........@..........@...........................................@..........@......
@...........................................@..........@..........@...........................................@..........@......
@...........................................@..........@..........@...........................................@..........@......
@...........................................@..........@..........@...........................................@..........@......
@...........................................@..........@..........@...........................................@..........@......
@...........................................@..........@..........@...........................................@..........@......
@...........................................@..........@..........@...........................................@..........@......
@...........................................@..........@..........@...........................................@..........@......
@...........................................@..........@..........@...........................................@..........@......
@..........@@@@@@@@@@@@@@@@@@@@@@@@@@@@@@@@@@..........@@@@@@@@@@@@@@@@@@@@@@@..........@@@@@@@@@@@@@@@@@@@@@@@..........@......
@......................................................@..........@.....................@.....................@..........@......
@......................................................@..........@.....................@.....................@..........@......
@......................................................@..........@.....................@.....................@..........@......
@......................................................@..........@.....................@.....................@..........@......
@......................................................@..........@.....................@.....................@..........@......
@......................................................@..........@.....................@.....................@..........@......
@......................................................@..........@.....................@.....................@..........@......
@......................................................@..........@.....................@.....................@..........@......
@......................................................@..........@.....................@.....................@..........@......
@......................................................@..........@.....................@.....................@..........@......
@..........@@@@@@@@@@@@@@@@@@@@@@@@@@@@@@@@@@@@@@@@@@@@@..........@..........@@@@@@@@@@@@..........@@@@@@@@@@@@..........@......
@..........@......................................................@..........@................................@.................
@..........@......................................................@..........@................................@.................
@..........@......................................................@..........@................................@.................
@..........@......................................................@..........@................................@.................
@..........@......................................................@..........@................................@.................
@..........@......................................................@..........@................................@.................
@..........@......................................................@..........@................................@.................
@..........@......................................................@..........@................................@.................
@..........@......................................................@..........@................................@.................
@..........@......................................................@..........@................................@.................
@..........@@@@@@@@@@@@@@@@@@@@@@@..........@@@@@@@@@@@@@@@@@@@@@@@..........@@@@@@@@@@@@@@@@@@@@@@@..........@..........@......
@..........@.....................@.....................@.....................@..........@................................@......
@..........@.....................@.....................@.....................@..........@................................@......
@..........@.....................@.....................@.....................@..........@................................@......
@..........@.....................@.....................@.....................@..........@................................@......
@..........@.....................@.....................@.....................@..........@................................@......
@..........@.....................@.....................@.....................@..........@................................@......
@..........@.....................@.....................@.....................@..........@................................@......
@..........@.....................@.....................@.....................@..........@................................@......
@..........@.....................@.....................@.....................@..........@................................@......
@..........@.....................@.....................@.....................@..........@................................@......
@..........@..........@..........@@@@@@@@@@@@..........@..........@@@@@@@@@@@@..........@@@@@@@@@@@@@@@@@@@@@@@@@@@@@@@@@@......
@.....................@.....................@..........@..........@.....................@................................@......
@.....................@.....................@..........@..........@.....................@................................@......
@.....................@.....................@..........@..........@.....................@................................@......
@.....................@.....................@..........@..........@.....................@................................@......
@.....................@.....................@..........@..........@.....................@................................@......
@.....................@.....................@..........@..........@.....................@................................@......
@.....................@.....................@..........@..........@.....................@................................@......
@.....................@.....................@..........@..........@.....................@................................@......
@.....................@.....................@..........@..........@.....................@................................@......
@.....................@.....................@..........@..........@.....................@................................@......
@@@@@@@@@@@@@@@@@@@@@@@@@@@@@@@@@@..........@..........@..........@@@@@@@@@@@@..........@..........@@@@@@@@@@@@..........@......
@................................@.....................@..........@.....................@.....................@..........@......
@................................@.....................@..........@.....................@.....................@..........@......
@................................@.....................@..........@.....................@.....................@..........@......
@................................@.....................@..........@.....................@.....................@..........@......
@................................@.....................@..........@.....................@.....................@..........@......
@................................@.....................@..........@.....................@.....................@..........@......
@................................@.....................@..........@.....................@.....................@..........@......
@................................@.....................@..........@.....................@.....................@..........@......
@................................@.....................@..........@.....................@.....................@..........@......
@................................@.....................@..........@.....................@.....................@..........@......
@..........@@@@@@@@@@@@@@@@@@@@@@@@@@@@@@@@@@..........@..........@..........@@@@@@@@@@@@..........@@@@@@@@@@@@..........@......
@................................@.....................@..........@.....................@..........@..........@..........@......
@................................@.....................@..........@.....................@..........@..........@..........@......
@................................@.....................@..........@.....................@..........@..........@..........@......
@................................@.....................@..........@.....................@..........@..........@..........@......
@................................@.....................@..........@.....................@..........@..........@..........@......
@................................@.....................@..........@.....................@..........@..........@..........@......
@................................@.....................@..........@.....................@..........@..........@..........@......
@................................@.....................@..........@.....................@..........@..........@..........@......
@................................@.....................@..........@.....................@..........@..........@..........@......
@................................@.....................@..........@.....................@..........@..........@..........@......
@..........@@@@@@@@@@@@..........@..........@@@@@@@@@@@@@@@@@@@@@@@..........@@@@@@@@@@@@@@@@@@@@@@@..........@..........@@@@@@@
@..........@.....................@...........................................@................................@.................
@..........@.....................@...........................................@................................@.................
@..........@.....................@...........................................@................................@.................
@..........@.....................@...........................................@................................@.................
@..........@.....................@...........................................@................................@.................
@..........@.....................@...........................................@................................@.................
@..........@.....................@...........................................@................................@.................
@..........@.....................@...........................................@................................@.................
@..........@.....................@...........................................@................................@.................
@..........@.....................@...........................................@................................@.................
@@@@@@@@@@@@..........@..........@..........@@@@@@@@@@@@@@@@@@@@@@@..........@..........@@@@@@@@@@@@@@@@@@@@@@@@@@@@@@@@@@......
@.....................@..........@................................@..........@..........@.......................................
@.....................@..........@................................@..........@..........@.......................................
@.....................@..........@................................@..........@..........@.......................................
@.....................@..........@................................@..........@..........@.......................................
@.....................@..........@................................@..........@..........@.......................................
@.....................@..........@................................@..........@..........@.......................................
@.....................@..........@................................@..........@..........@.......................................
@.....................@..........@................................@..........@..........@.......................................
@.....................@..........@................................@..........@..........@.......................................
@.....................@..........@................................@..........@..........@.......................................
@@@@@@@@@@@@..........@@@@@@@@@@@@@@@@@@@@@@@..........@..........@@@@@@@@@@@@..........@@@@@@@@@@@@..........@..........@@@@@@@
@.....................@................................@...........................................@..........@.................
@.....................@................................@...........................................@..........@.................
@.....................@................................@...........................................@..........@.................
@.....................@................................@...........................................@..........@.................
@.....................@................................@...........................................@..........@.................
@.....................@................................@...........................................@..........@.................
@.....................@................................@...........................................@..........@.................
@.....................@................................@...........................................@..........@.................
@.....................@................................@...........................................@..........@.................
@.....................@................................@...........................................@..........@.................
@..........@@@@@@@@@@@@..........@@@@@@@@@@@@..........@@@@@@@@@@@@..........@@@@@@@@@@@@..........@@@@@@@@@@@@@@@@@@@@@@@......
@...........................................@.....................@.....................@.......................................
@...........................................@.....................@.....................@.......................................
@...........................................@.....................@.....................@.......................................
@...........................................@.....................@.....................@.......................................
@...........................................@.....................@.....................@.......................................
@...........................................@.....................@.....................@.......................................
7
2 14 127 90
2 31 2 10
2 15 118 49
2 6 100 104
2 8 2 1
2 16 127 118
3 19 127 117
